<html>
<body>
<pre>
<h1>µVision Build Log</h1>
<h2>Tool Versions:</h2>
IDE-Version: µVision V5.27.0.0
Copyright (C) 2018 ARM Ltd and ARM Germany GmbH. All rights reserved.
License Information: Natalie King, SlugSaat, LIC=----
 
Tool Versions:
Toolchain:       MDK-Lite  Version: 5.27.0.0
Toolchain Path:  C:\Keil_v5\ARM\ARMCC\Bin
C Compiler:      Armcc.exe V5.06 update 6 (build 750)
Assembler:       Armasm.exe V5.06 update 6 (build 750)
Linker/Locator:  ArmLink.exe V5.06 update 6 (build 750)
Library Manager: ArmAr.exe V5.06 update 6 (build 750)
Hex Converter:   FromElf.exe V5.06 update 6 (build 750)
CPU DLL:         SARMCM3.DLL V5.27.0.0
Dialog DLL:      DCM.DLL V1.17.2.0
Target DLL:      STLink\ST-LINKIII-KEIL_SWO.dll V3.0.5.0
Dialog DLL:      TCM.DLL V1.36.1.0
 
<h2>Project:</h2>
C:\Users\gsavidge\Documents\Mechanical\SolarVectors\solarvector_test\MDK-ARM\solarvector_test.uvprojx
Project File Date:  02/06/2019

<h2>Output:</h2>
*** Using Compiler 'V5.06 update 6 (build 750)', folder: 'C:\Keil_v5\ARM\ARMCC\Bin'
Build target 'solarvector_test'
assembling startup_stm32f103xb.s...
compiling stm32f1xx_it.c...
compiling main.c...
../Src/main.c(125): warning:  #177-D: variable "power_xp"  was declared but never referenced
  	uint16_t power_xp, power_xn, power_yp, power_yn, power_zp, power_zn; // Positive and negative raw power values for each axis
../Src/main.c(125): warning:  #177-D: variable "power_xn"  was declared but never referenced
  	uint16_t power_xp, power_xn, power_yp, power_yn, power_zp, power_zn; // Positive and negative raw power values for each axis
../Src/main.c(125): warning:  #177-D: variable "power_yp"  was declared but never referenced
  	uint16_t power_xp, power_xn, power_yp, power_yn, power_zp, power_zn; // Positive and negative raw power values for each axis
../Src/main.c(125): warning:  #177-D: variable "power_yn"  was declared but never referenced
  	uint16_t power_xp, power_xn, power_yp, power_yn, power_zp, power_zn; // Positive and negative raw power values for each axis
../Src/main.c(125): warning:  #177-D: variable "power_zp"  was declared but never referenced
  	uint16_t power_xp, power_xn, power_yp, power_yn, power_zp, power_zn; // Positive and negative raw power values for each axis
../Src/main.c(125): warning:  #177-D: variable "power_zn"  was declared but never referenced
  	uint16_t power_xp, power_xn, power_yp, power_yn, power_zp, power_zn; // Positive and negative raw power values for each axis
../Src/main.c(127): warning:  #177-D: variable "vector_x"  was declared but never referenced
  	float vector_x, vector_y, vector_z; // 
../Src/main.c(127): warning:  #177-D: variable "vector_y"  was declared but never referenced
  	float vector_x, vector_y, vector_z; // 
../Src/main.c(127): warning:  #177-D: variable "vector_z"  was declared but never referenced
  	float vector_x, vector_y, vector_z; // 
../Src/main.c: 9 warnings, 0 errors
compiling stm32f1xx_hal_msp.c...
compiling stm32f1xx_hal_gpio_ex.c...
compiling stm32f1xx_hal_adc_ex.c...
compiling stm32f1xx_hal_adc.c...
compiling stm32f1xx_hal_tim.c...
compiling stm32f1xx_hal_tim_ex.c...
compiling stm32f1xx_hal_uart.c...
compiling stm32f1xx_hal.c...
compiling stm32f1xx_hal_rcc_ex.c...
compiling stm32f1xx_hal_rcc.c...
compiling stm32f1xx_hal_cortex.c...
compiling stm32f1xx_hal_dma.c...
compiling stm32f1xx_hal_gpio.c...
compiling stm32f1xx_hal_pwr.c...
compiling stm32f1xx_hal_flash.c...
compiling stm32f1xx_hal_flash_ex.c...
compiling system_stm32f1xx.c...
linking...
Program Size: Code=4192 RO-data=292 RW-data=16 ZI-data=1136  
FromELF: creating hex file...
"solarvector_test\solarvector_test.axf" - 0 Error(s), 9 Warning(s).

<h2>Software Packages used:</h2>

Package Vendor: ARM
                http://www.keil.com/pack/ARM.CMSIS.5.4.0.pack
                ARM.CMSIS.5.4.0
                CMSIS (Cortex Microcontroller Software Interface Standard)
   * Component: CORE Version: 5.1.2

Package Vendor: Keil
                http://www.keil.com/pack/Keil.STM32F1xx_DFP.2.3.0.pack
                Keil.STM32F1xx_DFP.2.3.0
                STMicroelectronics STM32F1 Series Device Support, Drivers and Examples

<h2>Collection of Component include folders:</h2>
  .\RTE\_solarvector_test
  C:\Keil_v5\ARM\PACK\ARM\CMSIS\5.4.0\CMSIS\Core\Include
  C:\Keil_v5\ARM\PACK\Keil\STM32F1xx_DFP\2.3.0\Device\Include

<h2>Collection of Component Files used:</h2>

   * Component: ARM::CMSIS:CORE:5.1.2
Build Time Elapsed:  00:00:10
</pre>
</body>
</html>
