<html>
<body>
<pre>
<h1>µVision Build Log</h1>
<h2>Tool Versions:</h2>
IDE-Version: µVision V5.27.0.0
Copyright (C) 2018 ARM Ltd and ARM Germany GmbH. All rights reserved.
License Information: Galen Savidge, UCSC SlugSat, LIC=----
 
Tool Versions:
Toolchain:       MDK-Lite  Version: 5.27.0.0
Toolchain Path:  C:\Keil_v5\ARM\ARMCC\Bin
C Compiler:      Armcc.exe V5.06 update 6 (build 750)
Assembler:       Armasm.exe V5.06 update 6 (build 750)
Linker/Locator:  ArmLink.exe V5.06 update 6 (build 750)
Library Manager: ArmAr.exe V5.06 update 6 (build 750)
Hex Converter:   FromElf.exe V5.06 update 6 (build 750)
CPU DLL:         SARMCM3.DLL V5.27.0.0
Dialog DLL:      DCM.DLL V1.17.2.0
Target DLL:      STLink\ST-LINKIII-KEIL_SWO.dll V3.0.5.0
Dialog DLL:      TCM.DLL V1.36.1.0
 
<h2>Project:</h2>
C:\Users\gsavidge\Documents\Mechanical\Attitude_Estimation\MDK-ARM\Attitude_Estimation.uvprojx
Project File Date:  03/08/2019

<h2>Output:</h2>
*** Using Compiler 'V5.06 update 6 (build 750)', folder: 'C:\Keil_v5\ARM\ARMCC\Bin'
Build target 'Attitude_Estimation'
compiling BNO055_IMU.c...
..\..\Mech_Lib\BNO055_IMU.c(158): warning:  #177-D: variable "mag_offsets"  was declared but never referenced
  	static float mag_offsets[] = {MAG_X_OFFSET, MAG_Y_OFFSET, MAG_Z_OFFSET};
..\..\Mech_Lib\BNO055_IMU.c(159): warning:  #177-D: variable "mag_scaling_factors"  was declared but never referenced
  	static float mag_scaling_factors[] = {MAG_X_SCALE, MAG_Y_SCALE, MAG_Z_SCALE};
..\..\Mech_Lib\BNO055_IMU.c(275): warning:  #188-D: enumerated type mixed with another type
  		write_byte(hi2c, reg, data[i]);
..\..\Mech_Lib\BNO055_IMU.c(271): warning:  #177-D: variable "reg"  was declared but never referenced
  	IMU_Reg_t reg;
..\..\Mech_Lib\BNO055_IMU.c(286): warning:  #188-D: enumerated type mixed with another type
  		write_byte(hi2c, reg, data[i]);
..\..\Mech_Lib\BNO055_IMU.c(282): warning:  #177-D: variable "reg"  was declared but never referenced
  	IMU_Reg_t reg;
..\..\Mech_Lib\BNO055_IMU.c: 6 warnings, 0 errors
compiling main.c...
../Src/main.c(184): warning:  #550-D: variable "computation_start_time"  was set but never used
  	uint16_t last_time = 0, new_time = 0, computation_start_time;
../Src/main.c: 1 warning, 0 errors
linking...
Program Size: Code=24756 RO-data=956 RW-data=128 ZI-data=13664  
FromELF: creating hex file...
"Attitude_Estimation\Attitude_Estimation.axf" - 0 Error(s), 7 Warning(s).

<h2>Software Packages used:</h2>

Package Vendor: ARM
                http://www.keil.com/pack/ARM.CMSIS.5.4.0.pack
                ARM.CMSIS.5.4.0
                CMSIS (Cortex Microcontroller Software Interface Standard)
   * Component: CORE Version: 5.1.2

Package Vendor: Keil
                http://www.keil.com/pack/Keil.STM32F1xx_DFP.2.3.0.pack
                Keil.STM32F1xx_DFP.2.3.0
                STMicroelectronics STM32F1 Series Device Support, Drivers and Examples

<h2>Collection of Component include folders:</h2>
  .\RTE\_Attitude_Estimation
  C:\Keil_v5\ARM\PACK\ARM\CMSIS\5.4.0\CMSIS\Core\Include
  C:\Keil_v5\ARM\PACK\Keil\STM32F1xx_DFP\2.3.0\Device\Include

<h2>Collection of Component Files used:</h2>

   * Component: ARM::CMSIS:CORE:5.1.2
Build Time Elapsed:  00:00:01
</pre>
</body>
</html>
